Copyright 1986-2019 Xilinx, Inc. All Rights Reserved.
-----------------------------------------------------------------------------------------------------------------
| Tool Version : Vivado v.2019.1 (win64) Build 2552052 Fri May 24 14:49:42 MDT 2019
| Date         : Thu Mar  5 10:10:04 2020
| Host         : eee-bumblebee running 64-bit major release  (build 9200)
| Command      : report_utilization -file Hybrid_LHT_utilization_placed.rpt -pb Hybrid_LHT_utilization_placed.pb
| Design       : Hybrid_LHT
| Device       : xczu7evffvc1156-2
| Design State : Fully Placed
-----------------------------------------------------------------------------------------------------------------

Utilization Design Information

Table of Contents
-----------------
1. CLB Logic
1.1 Summary of Registers by Type
2. CLB Logic Distribution
3. BLOCKRAM
4. ARITHMETIC
5. I/O
6. CLOCK
7. ADVANCED
8. CONFIGURATION
9. Primitives
10. Black Boxes
11. Instantiated Netlists

1. CLB Logic
------------

+-------------------------+-------+-------+-----------+-------+
|        Site Type        |  Used | Fixed | Available | Util% |
+-------------------------+-------+-------+-----------+-------+
| CLB LUTs                | 42814 |     0 |    230400 | 18.58 |
|   LUT as Logic          | 42814 |     0 |    230400 | 18.58 |
|   LUT as Memory         |     0 |     0 |    101760 |  0.00 |
| CLB Registers           |  8429 |     0 |    460800 |  1.83 |
|   Register as Flip Flop |  8429 |     0 |    460800 |  1.83 |
|   Register as Latch     |     0 |     0 |    460800 |  0.00 |
| CARRY8                  |   239 |     0 |     28800 |  0.83 |
| F7 Muxes                |  5583 |     0 |    115200 |  4.85 |
| F8 Muxes                |  1073 |     0 |     57600 |  1.86 |
| F9 Muxes                |     0 |     0 |     28800 |  0.00 |
+-------------------------+-------+-------+-----------+-------+


1.1 Summary of Registers by Type
--------------------------------

+-------+--------------+-------------+--------------+
| Total | Clock Enable | Synchronous | Asynchronous |
+-------+--------------+-------------+--------------+
| 0     |            _ |           - |            - |
| 0     |            _ |           - |          Set |
| 0     |            _ |           - |        Reset |
| 0     |            _ |         Set |            - |
| 0     |            _ |       Reset |            - |
| 0     |          Yes |           - |            - |
| 4     |          Yes |           - |          Set |
| 8373  |          Yes |           - |        Reset |
| 0     |          Yes |         Set |            - |
| 52    |          Yes |       Reset |            - |
+-------+--------------+-------------+--------------+


2. CLB Logic Distribution
-------------------------

+--------------------------------------------+-------+-------+-----------+-------+
|                  Site Type                 |  Used | Fixed | Available | Util% |
+--------------------------------------------+-------+-------+-----------+-------+
| CLB                                        |  8149 |     0 |     28800 | 28.30 |
|   CLBL                                     |  4187 |     0 |           |       |
|   CLBM                                     |  3962 |     0 |           |       |
| LUT as Logic                               | 42814 |     0 |    230400 | 18.58 |
|   using O5 output only                     |    12 |       |           |       |
|   using O6 output only                     | 38539 |       |           |       |
|   using O5 and O6                          |  4263 |       |           |       |
| LUT as Memory                              |     0 |     0 |    101760 |  0.00 |
|   LUT as Distributed RAM                   |     0 |     0 |           |       |
|   LUT as Shift Register                    |     0 |     0 |           |       |
| CLB Registers                              |  8429 |     0 |    460800 |  1.83 |
|   Register driven from within the CLB      |  3173 |       |           |       |
|   Register driven from outside the CLB     |  5256 |       |           |       |
|     LUT in front of the register is unused |  2580 |       |           |       |
|     LUT in front of the register is used   |  2676 |       |           |       |
| Unique Control Sets                        |    99 |       |     57600 |  0.17 |
+--------------------------------------------+-------+-------+-----------+-------+
* Note: Available Control Sets calculated as CLB Registers / 8, Review the Control Sets Report for more information regarding control sets.


3. BLOCKRAM
-----------

+-------------------+------+-------+-----------+-------+
|     Site Type     | Used | Fixed | Available | Util% |
+-------------------+------+-------+-----------+-------+
| Block RAM Tile    |   90 |     0 |       312 | 28.85 |
|   RAMB36/FIFO*    |   60 |     0 |       312 | 19.23 |
|     RAMB36E2 only |   60 |       |           |       |
|   RAMB18          |   60 |     0 |       624 |  9.62 |
|     RAMB18E2 only |   60 |       |           |       |
| URAM              |    0 |     0 |        96 |  0.00 |
+-------------------+------+-------+-----------+-------+
* Note: Each Block RAM Tile only has one FIFO logic available and therefore can accommodate only one FIFO36E2 or one FIFO18E2. However, if a FIFO18E2 occupies a Block RAM Tile, that tile can still accommodate a RAMB18E2


4. ARITHMETIC
-------------

+----------------+------+-------+-----------+-------+
|    Site Type   | Used | Fixed | Available | Util% |
+----------------+------+-------+-----------+-------+
| DSPs           |   61 |     0 |      1728 |  3.53 |
|   DSP48E2 only |   61 |       |           |       |
+----------------+------+-------+-----------+-------+


5. I/O
------

+------------------+------+-------+-----------+-------+
|     Site Type    | Used | Fixed | Available | Util% |
+------------------+------+-------+-----------+-------+
| Bonded IOB       |    0 |     0 |       360 |  0.00 |
| HPIOB_M          |    0 |     0 |       144 |  0.00 |
| HPIOB_S          |    0 |     0 |       144 |  0.00 |
| HDIOB_M          |    0 |     0 |        24 |  0.00 |
| HDIOB_S          |    0 |     0 |        24 |  0.00 |
| HPIOB_SNGL       |    0 |     0 |        24 |  0.00 |
| HPIOBDIFFINBUF   |    0 |     0 |       192 |  0.00 |
| HPIOBDIFFOUTBUF  |    0 |     0 |       192 |  0.00 |
| HDIOBDIFFINBUF   |    0 |     0 |        48 |  0.00 |
| BITSLICE_CONTROL |    0 |     0 |        64 |  0.00 |
| BITSLICE_RX_TX   |    0 |     0 |       416 |  0.00 |
| BITSLICE_TX      |    0 |     0 |        64 |  0.00 |
| RIU_OR           |    0 |     0 |        32 |  0.00 |
+------------------+------+-------+-----------+-------+


6. CLOCK
--------

+----------------------+------+-------+-----------+-------+
|       Site Type      | Used | Fixed | Available | Util% |
+----------------------+------+-------+-----------+-------+
| GLOBAL CLOCK BUFFERs |    0 |     0 |       544 |  0.00 |
|   BUFGCE             |    0 |     0 |       208 |  0.00 |
|   BUFGCE_DIV         |    0 |     0 |        32 |  0.00 |
|   BUFG_GT            |    0 |     0 |       144 |  0.00 |
|   BUFG_PS            |    0 |     0 |        96 |  0.00 |
|   BUFGCTRL*          |    0 |     0 |        64 |  0.00 |
| PLL                  |    0 |     0 |        16 |  0.00 |
| MMCM                 |    0 |     0 |         8 |  0.00 |
+----------------------+------+-------+-----------+-------+
* Note: Each used BUFGCTRL counts as two GLOBAL CLOCK BUFFERs. This table does not include global clocking resources, only buffer cell usage. See the Clock Utilization Report (report_clock_utilization) for detailed accounting of global clocking resource availability.


7. ADVANCED
-----------

+-----------------+------+-------+-----------+-------+
|    Site Type    | Used | Fixed | Available | Util% |
+-----------------+------+-------+-----------+-------+
| GTHE4_CHANNEL   |    0 |     0 |        20 |  0.00 |
| GTHE4_COMMON    |    0 |     0 |         5 |  0.00 |
| OBUFDS_GTE4     |    0 |     0 |        10 |  0.00 |
| OBUFDS_GTE4_ADV |    0 |     0 |        10 |  0.00 |
| PCIE40E4        |    0 |     0 |         2 |  0.00 |
| PS8             |    0 |     0 |         1 |  0.00 |
| SYSMONE4        |    0 |     0 |         1 |  0.00 |
| VCU             |    0 |     0 |         1 |  0.00 |
+-----------------+------+-------+-----------+-------+


8. CONFIGURATION
----------------

+-------------+------+-------+-----------+-------+
|  Site Type  | Used | Fixed | Available | Util% |
+-------------+------+-------+-----------+-------+
| BSCANE2     |    0 |     0 |         4 |  0.00 |
| DNA_PORTE2  |    0 |     0 |         1 |  0.00 |
| EFUSE_USR   |    0 |     0 |         1 |  0.00 |
| FRAME_ECCE4 |    0 |     0 |         1 |  0.00 |
| ICAPE3      |    0 |     0 |         2 |  0.00 |
| MASTER_JTAG |    0 |     0 |         1 |  0.00 |
| STARTUPE3   |    0 |     0 |         1 |  0.00 |
+-------------+------+-------+-----------+-------+


9. Primitives
-------------

+----------+-------+---------------------+
| Ref Name |  Used | Functional Category |
+----------+-------+---------------------+
| LUT6     | 30417 |                 CLB |
| FDCE     |  8373 |            Register |
| LUT5     |  6980 |                 CLB |
| MUXF7    |  5583 |                 CLB |
| LUT4     |  4096 |                 CLB |
| LUT3     |  3166 |                 CLB |
| LUT2     |  2411 |                 CLB |
| MUXF8    |  1073 |                 CLB |
| CARRY8   |   239 |                 CLB |
| DSP48E2  |    61 |          Arithmetic |
| RAMB36E2 |    60 |           Block Ram |
| RAMB18E2 |    60 |           Block Ram |
| FDRE     |    52 |            Register |
| LUT1     |     7 |                 CLB |
| FDPE     |     4 |            Register |
+----------+-------+---------------------+


10. Black Boxes
---------------

+----------+------+
| Ref Name | Used |
+----------+------+


11. Instantiated Netlists
-------------------------

+----------+------+
| Ref Name | Used |
+----------+------+


